// Jest Snapshot v1, https://goo.gl/fbAQLP

exports[`<NewTask /> renders the component 1`] = `
<div
  className="pf-c-page"
>
  <main
    className="pf-c-page__main"
    tabIndex={-1}
  >
    <div
      className="pf-c-page__main-group pf-m-sticky-top"
    >
      <section
        className="pf-c-page__main-section pf-m-light"
      >
        <div
          className="pf-l-flex pf-m-align-items-center"
          style={
            {
              "flexWrap": "nowrap",
              "gap": 16,
            }
          }
          wrap="noWrap"
        >
          <h1
            className="pf-c-title pf-m-2xl"
            data-ouia-component-id="OUIA-Generated-Title-1"
            data-ouia-component-type="PF4/Title"
            data-ouia-safe={true}
          />
        </div>
      </section>
    </div>
    <section
      className="pf-c-page__main-wizard pf-m-light"
    >
      <div
        className="pf-c-drawer pf-m-inline"
      >
        <div
          className="pf-c-drawer__main"
        >
          <div
            className="pf-c-drawer__content"
          >
            <div
              className="pf-c-drawer__body"
            >
              <div
                className="pf-c-wizard"
              >
                <button
                  aria-expanded={false}
                  aria-label="Wizard Toggle"
                  className="pf-c-wizard__toggle"
                  onClick={[Function]}
                >
                  <span
                    className="pf-c-wizard__toggle-list"
                  >
                    <span
                      className="pf-c-wizard__toggle-list-item"
                    >
                      <span
                        className="pf-c-wizard__toggle-num"
                      >
                        1
                      </span>
                       
                      <div
                        className="pf-l-split pf-m-gutter"
                      >
                        <div
                          className="pf-l-split__item pf-m-fill"
                        >
                          Add Hashlist
                        </div>
                      </div>
                    </span>
                  </span>
                  <span
                    className="pf-c-wizard__toggle-icon"
                  >
                    <svg
                      aria-hidden="true"
                      aria-labelledby={null}
                      fill="currentColor"
                      height="1em"
                      role="img"
                      style={
                        {
                          "verticalAlign": "-0.125em",
                        }
                      }
                      viewBox="0 0 320 512"
                      width="1em"
                    >
                      <path
                        d="M31.3 192h257.3c17.8 0 26.7 21.5 14.1 34.1L174.1 354.8c-7.8 7.8-20.5 7.8-28.3 0L17.2 226.1C4.6 213.5 13.5 192 31.3 192z"
                      />
                    </svg>
                  </span>
                </button>
                <div
                  className="pf-c-wizard__outer-wrap"
                >
                  <div
                    className="pf-c-wizard__inner-wrap"
                  >
                    <nav
                      aria-label="steps"
                      aria-labelledby={null}
                      className="pf-c-wizard__nav"
                      data-ouia-component-id="OUIA-Generated-WizardNav-1"
                      data-ouia-component-type="PF4/WizardNav"
                      data-ouia-safe={true}
                    >
                      <ol
                        className="pf-c-wizard__nav-list"
                      >
                        <li
                          className="pf-c-wizard__nav-item"
                        >
                          <button
                            aria-current="step"
                            aria-disabled={null}
                            className="pf-c-wizard__nav-link pf-m-current"
                            data-ouia-component-id="OUIA-Generated-WizardNavItem-1"
                            data-ouia-component-type="PF4/WizardNavItem"
                            data-ouia-safe={true}
                            disabled={false}
                            id="add-hashlist"
                            onClick={[Function]}
                          >
                            <div
                              className="pf-l-split pf-m-gutter"
                            >
                              <div
                                className="pf-l-split__item pf-m-fill"
                              >
                                Add Hashlist
                              </div>
                            </div>
                          </button>
                        </li>
                        <li
                          className="pf-c-wizard__nav-item"
                        >
                          <button
                            aria-current={false}
                            aria-disabled={null}
                            className="pf-c-wizard__nav-link"
                            data-ouia-component-id="OUIA-Generated-WizardNavItem-2"
                            data-ouia-component-type="PF4/WizardNavItem"
                            data-ouia-safe={true}
                            disabled={false}
                            id="Review"
                            onClick={[Function]}
                          >
                            Review
                          </button>
                        </li>
                      </ol>
                    </nav>
                    <div
                      aria-label="content"
                      aria-labelledby={null}
                      className="pf-c-wizard__main"
                    >
                      <div
                        className="pf-c-wizard__main-body"
                      >
                        <div
                          id="add-hashlist"
                        >
                          <form
                            className="pf-c-form"
                            noValidate={true}
                          >
                            <section
                              className="pf-c-form__section"
                              id="select-hashtype"
                              role="group"
                              style={
                                {
                                  "display": undefined,
                                }
                              }
                            >
                              <div
                                className="pf-l-split pf-m-gutter"
                                onClick={[Function]}
                              >
                                <div
                                  className="pf-l-split__item pf-m-fill"
                                >
                                  <div
                                    className="pf-l-stack"
                                  >
                                    <div
                                      className="pf-l-split pf-m-gutter"
                                    >
                                      <div
                                        className="pf-c-form__section-title"
                                      >
                                        Select Hash Type
                                      </div>
                                    </div>
                                  </div>
                                </div>
                              </div>
                              <div
                                className="select-search-container"
                              >
                                <div
                                  className="select-search-value"
                                >
                                  <input
                                    autoComplete="on"
                                    className="select-search-input"
                                    onBlur={[Function]}
                                    onChange={[Function]}
                                    onFocus={[Function]}
                                    onKeyDown={[Function]}
                                    onKeyUp={[Function]}
                                    onMouseDown={[Function]}
                                    placeholder="Choose Hash Type"
                                    readOnly={false}
                                    tabIndex="0"
                                    value=""
                                  />
                                </div>
                                <div
                                  className="select-search-select"
                                  onMouseDown={[Function]}
                                >
                                  <ul
                                    className="select-search-options"
                                  >
                                    <li
                                      className="select-search-row"
                                      role="none"
                                    >
                                      <div
                                        className="select-search-group"
                                      >
                                        <div
                                          className="select-search-group-header"
                                        >
                                          Wireless networks
                                        </div>
                                        <ul
                                          className="select-search-options"
                                        >
                                          <li
                                            className="select-search-row"
                                            data-index={0}
                                            role="menuitem"
                                          >
                                            <button
                                              className="select-search-option"
                                              onMouseDown={[Function]}
                                              tabIndex="-1"
                                              type="button"
                                              value="2500"
                                            >
                                              WPA/WPA2 EAPOL (legacy cap/hccap/hccapx handshake)
                                            </button>
                                          </li>
                                          <li
                                            className="select-search-row"
                                            data-index={1}
                                            role="menuitem"
                                          >
                                            <button
                                              className="select-search-option"
                                              onMouseDown={[Function]}
                                              tabIndex="-1"
                                              type="button"
                                              value="16800"
                                            >
                                              WPA/WPA2 PMKID (-m 16800)
                                            </button>
                                          </li>
                                          <li
                                            className="select-search-row"
                                            data-index={2}
                                            role="menuitem"
                                          >
                                            <button
                                              className="select-search-option"
                                              onMouseDown={[Function]}
                                              tabIndex="-1"
                                              type="button"
                                              value="22000"
                                            >
                                              WPA/WPA2 HASH (-m 22000, WPA*01*..., WPA*02*...)
                                            </button>
                                          </li>
                                        </ul>
                                      </div>
                                    </li>
                                    <li
                                      className="select-search-row"
                                      role="none"
                                    >
                                      <div
                                        className="select-search-group"
                                      >
                                        <div
                                          className="select-search-group-header"
                                        >
                                          Raw and salted hashes
                                        </div>
                                        <ul
                                          className="select-search-options"
                                        >
                                          <li
                                            className="select-search-row"
                                            data-index={3}
                                            role="menuitem"
                                          >
                                            <button
                                              className="select-search-option"
                                              onMouseDown={[Function]}
                                              tabIndex="-1"
                                              type="button"
                                              value="0"
                                            >
                                              MD5
                                            </button>
                                          </li>
                                          <li
                                            className="select-search-row"
                                            data-index={4}
                                            role="menuitem"
                                          >
                                            <button
                                              className="select-search-option"
                                              onMouseDown={[Function]}
                                              tabIndex="-1"
                                              type="button"
                                              value="10"
                                            >
                                              MD5($pass.$salt)
                                            </button>
                                          </li>
                                          <li
                                            className="select-search-row"
                                            data-index={5}
                                            role="menuitem"
                                          >
                                            <button
                                              className="select-search-option"
                                              onMouseDown={[Function]}
                                              tabIndex="-1"
                                              type="button"
                                              value="20"
                                            >
                                              MD5($salt.$pass)
                                            </button>
                                          </li>
                                          <li
                                            className="select-search-row"
                                            data-index={6}
                                            role="menuitem"
                                          >
                                            <button
                                              className="select-search-option"
                                              onMouseDown={[Function]}
                                              tabIndex="-1"
                                              type="button"
                                              value="30"
                                            >
                                              MD5(utf16l($pass).$salt)
                                            </button>
                                          </li>
                                          <li
                                            className="select-search-row"
                                            data-index={7}
                                            role="menuitem"
                                          >
                                            <button
                                              className="select-search-option"
                                              onMouseDown={[Function]}
                                              tabIndex="-1"
                                              type="button"
                                              value="40"
                                            >
                                              MD5($salt.utf16le($pass))
                                            </button>
                                          </li>
                                          <li
                                            className="select-search-row"
                                            data-index={8}
                                            role="menuitem"
                                          >
                                            <button
                                              className="select-search-option"
                                              onMouseDown={[Function]}
                                              tabIndex="-1"
                                              type="button"
                                              value="2600"
                                            >
                                              MD5(MD5($pass))
                                            </button>
                                          </li>
                                          <li
                                            className="select-search-row"
                                            data-index={9}
                                            role="menuitem"
                                          >
                                            <button
                                              className="select-search-option"
                                              onMouseDown={[Function]}
                                              tabIndex="-1"
                                              type="button"
                                              value="11900"
                                            >
                                              PBKDF2-HMAC-MD5
                                            </button>
                                          </li>
                                          <li
                                            className="select-search-row"
                                            data-index={10}
                                            role="menuitem"
                                          >
                                            <button
                                              className="select-search-option"
                                              onMouseDown={[Function]}
                                              tabIndex="-1"
                                              type="button"
                                              value="100"
                                            >
                                              SHA1
                                            </button>
                                          </li>
                                          <li
                                            className="select-search-row"
                                            data-index={11}
                                            role="menuitem"
                                          >
                                            <button
                                              className="select-search-option"
                                              onMouseDown={[Function]}
                                              tabIndex="-1"
                                              type="button"
                                              value="110"
                                            >
                                              SHA1($pass.$salt)
                                            </button>
                                          </li>
                                          <li
                                            className="select-search-row"
                                            data-index={12}
                                            role="menuitem"
                                          >
                                            <button
                                              className="select-search-option"
                                              onMouseDown={[Function]}
                                              tabIndex="-1"
                                              type="button"
                                              value="120"
                                            >
                                              SHA1($salt.$pass)
                                            </button>
                                          </li>
                                          <li
                                            className="select-search-row"
                                            data-index={13}
                                            role="menuitem"
                                          >
                                            <button
                                              className="select-search-option"
                                              onMouseDown={[Function]}
                                              tabIndex="-1"
                                              type="button"
                                              value="130"
                                            >
                                              SHA1(utf16le($pass).$salt)
                                            </button>
                                          </li>
                                          <li
                                            className="select-search-row"
                                            data-index={14}
                                            role="menuitem"
                                          >
                                            <button
                                              className="select-search-option"
                                              onMouseDown={[Function]}
                                              tabIndex="-1"
                                              type="button"
                                              value="140"
                                            >
                                              SHA1($salt.utf16le($pass))
                                            </button>
                                          </li>
                                          <li
                                            className="select-search-row"
                                            data-index={15}
                                            role="menuitem"
                                          >
                                            <button
                                              className="select-search-option"
                                              onMouseDown={[Function]}
                                              tabIndex="-1"
                                              type="button"
                                              value="220"
                                            >
                                              SHA1(--$salt--$pass--), sha1DASH, 8track
                                            </button>
                                          </li>
                                          <li
                                            className="select-search-row"
                                            data-index={16}
                                            role="menuitem"
                                          >
                                            <button
                                              className="select-search-option"
                                              onMouseDown={[Function]}
                                              tabIndex="-1"
                                              type="button"
                                              value="12000"
                                            >
                                              PBKDF2-HMAC-SHA1
                                            </button>
                                          </li>
                                          <li
                                            className="select-search-row"
                                            data-index={17}
                                            role="menuitem"
                                          >
                                            <button
                                              className="select-search-option"
                                              onMouseDown={[Function]}
                                              tabIndex="-1"
                                              type="button"
                                              value="1400"
                                            >
                                              SHA256
                                            </button>
                                          </li>
                                          <li
                                            className="select-search-row"
                                            data-index={18}
                                            role="menuitem"
                                          >
                                            <button
                                              className="select-search-option"
                                              onMouseDown={[Function]}
                                              tabIndex="-1"
                                              type="button"
                                              value="1410"
                                            >
                                              SHA256($pass.$salt)
                                            </button>
                                          </li>
                                          <li
                                            className="select-search-row"
                                            data-index={19}
                                            role="menuitem"
                                          >
                                            <button
                                              className="select-search-option"
                                              onMouseDown={[Function]}
                                              tabIndex="-1"
                                              type="button"
                                              value="1420"
                                            >
                                              SHA256($salt.$pass)
                                            </button>
                                          </li>
                                          <li
                                            className="select-search-row"
                                            data-index={20}
                                            role="menuitem"
                                          >
                                            <button
                                              className="select-search-option"
                                              onMouseDown={[Function]}
                                              tabIndex="-1"
                                              type="button"
                                              value="1430"
                                            >
                                              SHA256(utf16le($pass).$salt)
                                            </button>
                                          </li>
                                          <li
                                            className="select-search-row"
                                            data-index={21}
                                            role="menuitem"
                                          >
                                            <button
                                              className="select-search-option"
                                              onMouseDown={[Function]}
                                              tabIndex="-1"
                                              type="button"
                                              value="1440"
                                            >
                                              SHA256($salt.utf16le($pass))
                                            </button>
                                          </li>
                                          <li
                                            className="select-search-row"
                                            data-index={22}
                                            role="menuitem"
                                          >
                                            <button
                                              className="select-search-option"
                                              onMouseDown={[Function]}
                                              tabIndex="-1"
                                              type="button"
                                              value="10900"
                                            >
                                              PBKDF2-HMAC-SHA256
                                            </button>
                                          </li>
                                          <li
                                            className="select-search-row"
                                            data-index={23}
                                            role="menuitem"
                                          >
                                            <button
                                              className="select-search-option"
                                              onMouseDown={[Function]}
                                              tabIndex="-1"
                                              type="button"
                                              value="1700"
                                            >
                                              SHA512
                                            </button>
                                          </li>
                                          <li
                                            className="select-search-row"
                                            data-index={24}
                                            role="menuitem"
                                          >
                                            <button
                                              className="select-search-option"
                                              onMouseDown={[Function]}
                                              tabIndex="-1"
                                              type="button"
                                              value="1710"
                                            >
                                              SHA512($pass.$salt)
                                            </button>
                                          </li>
                                          <li
                                            className="select-search-row"
                                            data-index={25}
                                            role="menuitem"
                                          >
                                            <button
                                              className="select-search-option"
                                              onMouseDown={[Function]}
                                              tabIndex="-1"
                                              type="button"
                                              value="1720"
                                            >
                                              SHA512($salt.$pass)
                                            </button>
                                          </li>
                                          <li
                                            className="select-search-row"
                                            data-index={26}
                                            role="menuitem"
                                          >
                                            <button
                                              className="select-search-option"
                                              onMouseDown={[Function]}
                                              tabIndex="-1"
                                              type="button"
                                              value="1730"
                                            >
                                              SHA512(utf16le($pass).$salt)
                                            </button>
                                          </li>
                                          <li
                                            className="select-search-row"
                                            data-index={27}
                                            role="menuitem"
                                          >
                                            <button
                                              className="select-search-option"
                                              onMouseDown={[Function]}
                                              tabIndex="-1"
                                              type="button"
                                              value="1740"
                                            >
                                              SHA512($salt.utf16le($pass))
                                            </button>
                                          </li>
                                          <li
                                            className="select-search-row"
                                            data-index={28}
                                            role="menuitem"
                                          >
                                            <button
                                              className="select-search-option"
                                              onMouseDown={[Function]}
                                              tabIndex="-1"
                                              type="button"
                                              value="12100"
                                            >
                                              PBKDF2-HMAC-SHA512
                                            </button>
                                          </li>
                                        </ul>
                                      </div>
                                    </li>
                                    <li
                                      className="select-search-row"
                                      role="none"
                                    >
                                      <div
                                        className="select-search-group"
                                      >
                                        <div
                                          className="select-search-group-header"
                                        >
                                          Database passwords
                                        </div>
                                        <ul
                                          className="select-search-options"
                                        >
                                          <li
                                            className="select-search-row"
                                            data-index={29}
                                            role="menuitem"
                                          >
                                            <button
                                              className="select-search-option"
                                              onMouseDown={[Function]}
                                              tabIndex="-1"
                                              type="button"
                                              value="200"
                                            >
                                              MySQL 3.23
                                            </button>
                                          </li>
                                          <li
                                            className="select-search-row"
                                            data-index={30}
                                            role="menuitem"
                                          >
                                            <button
                                              className="select-search-option"
                                              onMouseDown={[Function]}
                                              tabIndex="-1"
                                              type="button"
                                              value="300"
                                            >
                                              MySQL 4.1/5+
                                            </button>
                                          </li>
                                        </ul>
                                      </div>
                                    </li>
                                    <li
                                      className="select-search-row"
                                      role="none"
                                    >
                                      <div
                                        className="select-search-group"
                                      >
                                        <div
                                          className="select-search-group-header"
                                        >
                                          OS and system passwords
                                        </div>
                                        <ul
                                          className="select-search-options"
                                        >
                                          <li
                                            className="select-search-row"
                                            data-index={31}
                                            role="menuitem"
                                          >
                                            <button
                                              className="select-search-option"
                                              onMouseDown={[Function]}
                                              tabIndex="-1"
                                              type="button"
                                              value="111"
                                            >
                                              nsldaps, SSHA-1(Base64), Netscape LDAP SSHA
                                            </button>
                                          </li>
                                          <li
                                            className="select-search-row"
                                            data-index={32}
                                            role="menuitem"
                                          >
                                            <button
                                              className="select-search-option"
                                              onMouseDown={[Function]}
                                              tabIndex="-1"
                                              type="button"
                                              value="500"
                                            >
                                              MD5(Unix), md5crypt, FreeBSD MD5, Cisco-IOS MD5
                                            </button>
                                          </li>
                                          <li
                                            className="select-search-row"
                                            data-index={33}
                                            role="menuitem"
                                          >
                                            <button
                                              className="select-search-option"
                                              onMouseDown={[Function]}
                                              tabIndex="-1"
                                              type="button"
                                              value="1000"
                                            >
                                              NTLM
                                            </button>
                                          </li>
                                          <li
                                            className="select-search-row"
                                            data-index={34}
                                            role="menuitem"
                                          >
                                            <button
                                              className="select-search-option"
                                              onMouseDown={[Function]}
                                              tabIndex="-1"
                                              type="button"
                                              value="5500"
                                            >
                                              NetNTLMv1
                                            </button>
                                          </li>
                                          <li
                                            className="select-search-row"
                                            data-index={35}
                                            role="menuitem"
                                          >
                                            <button
                                              className="select-search-option"
                                              onMouseDown={[Function]}
                                              tabIndex="-1"
                                              type="button"
                                              value="5600"
                                            >
                                              NetNTLMv2
                                            </button>
                                          </li>
                                          <li
                                            className="select-search-row"
                                            data-index={36}
                                            role="menuitem"
                                          >
                                            <button
                                              className="select-search-option"
                                              onMouseDown={[Function]}
                                              tabIndex="-1"
                                              type="button"
                                              value="1500"
                                            >
                                              descrypt, DES(Unix)
                                            </button>
                                          </li>
                                          <li
                                            className="select-search-row"
                                            data-index={37}
                                            role="menuitem"
                                          >
                                            <button
                                              className="select-search-option"
                                              onMouseDown={[Function]}
                                              tabIndex="-1"
                                              type="button"
                                              value="7400"
                                            >
                                              SHA256(Unix), sha256crypt
                                            </button>
                                          </li>
                                          <li
                                            className="select-search-row"
                                            data-index={38}
                                            role="menuitem"
                                          >
                                            <button
                                              className="select-search-option"
                                              onMouseDown={[Function]}
                                              tabIndex="-1"
                                              type="button"
                                              value="1800"
                                            >
                                              SHA512(Unix), sha512crypt
                                            </button>
                                          </li>
                                          <li
                                            className="select-search-row"
                                            data-index={39}
                                            role="menuitem"
                                          >
                                            <button
                                              className="select-search-option"
                                              onMouseDown={[Function]}
                                              tabIndex="-1"
                                              type="button"
                                              value="1600"
                                            >
                                              Apache portable MD5 (APR MD5, $apr1$)
                                            </button>
                                          </li>
                                          <li
                                            className="select-search-row"
                                            data-index={40}
                                            role="menuitem"
                                          >
                                            <button
                                              className="select-search-option"
                                              onMouseDown={[Function]}
                                              tabIndex="-1"
                                              type="button"
                                              value="3200"
                                            >
                                              bcrypt, Blowfish(Unix)
                                            </button>
                                          </li>
                                        </ul>
                                      </div>
                                    </li>
                                    <li
                                      className="select-search-row"
                                      role="none"
                                    >
                                      <div
                                        className="select-search-group"
                                      >
                                        <div
                                          className="select-search-group-header"
                                        >
                                          Forum and CMS software
                                        </div>
                                        <ul
                                          className="select-search-options"
                                        >
                                          <li
                                            className="select-search-row"
                                            data-index={41}
                                            role="menuitem"
                                          >
                                            <button
                                              className="select-search-option"
                                              onMouseDown={[Function]}
                                              tabIndex="-1"
                                              type="button"
                                              value="400"
                                            >
                                              phpass, MD5(Wordpress, Joomla, phpBB3)
                                            </button>
                                          </li>
                                          <li
                                            className="select-search-row"
                                            data-index={42}
                                            role="menuitem"
                                          >
                                            <button
                                              className="select-search-option"
                                              onMouseDown={[Function]}
                                              tabIndex="-1"
                                              type="button"
                                              value="2611"
                                            >
                                              vBulletin &lt; v3.8.5
                                            </button>
                                          </li>
                                          <li
                                            className="select-search-row"
                                            data-index={43}
                                            role="menuitem"
                                          >
                                            <button
                                              className="select-search-option"
                                              onMouseDown={[Function]}
                                              tabIndex="-1"
                                              type="button"
                                              value="2711"
                                            >
                                              vBulletin ≥ v3.8.5
                                            </button>
                                          </li>
                                          <li
                                            className="select-search-row"
                                            data-index={44}
                                            role="menuitem"
                                          >
                                            <button
                                              className="select-search-option"
                                              onMouseDown={[Function]}
                                              tabIndex="-1"
                                              type="button"
                                              value="2811"
                                            >
                                              Invision Power Board 2.x.x, MyBB 1.2+
                                            </button>
                                          </li>
                                          <li
                                            className="select-search-row"
                                            data-index={45}
                                            role="menuitem"
                                          >
                                            <button
                                              className="select-search-option"
                                              onMouseDown={[Function]}
                                              tabIndex="-1"
                                              type="button"
                                              value="121"
                                            >
                                              SMF &gt; 1.1
                                            </button>
                                          </li>
                                          <li
                                            className="select-search-row"
                                            data-index={46}
                                            role="menuitem"
                                          >
                                            <button
                                              className="select-search-option"
                                              onMouseDown={[Function]}
                                              tabIndex="-1"
                                              type="button"
                                              value="7900"
                                            >
                                              Drupal 7 ($S$...)
                                            </button>
                                          </li>
                                          <li
                                            className="select-search-row"
                                            data-index={47}
                                            role="menuitem"
                                          >
                                            <button
                                              className="select-search-option"
                                              onMouseDown={[Function]}
                                              tabIndex="-1"
                                              type="button"
                                              value="10000"
                                            >
                                              Django (PBKDF2-SHA256)
                                            </button>
                                          </li>
                                        </ul>
                                      </div>
                                    </li>
                                    <li
                                      className="select-search-row"
                                      role="none"
                                    >
                                      <div
                                        className="select-search-group"
                                      >
                                        <div
                                          className="select-search-group-header"
                                        >
                                          Crypto wallets
                                        </div>
                                        <ul
                                          className="select-search-options"
                                        >
                                          <li
                                            className="select-search-row"
                                            data-index={48}
                                            role="menuitem"
                                          >
                                            <button
                                              className="select-search-option"
                                              onMouseDown={[Function]}
                                              tabIndex="-1"
                                              type="button"
                                              value="11300"
                                            >
                                              BTC/LTC wallet (Bitcoin Core wallet.dat hash $bitcoin$96$)
                                            </button>
                                          </li>
                                          <li
                                            className="select-search-row"
                                            data-index={49}
                                            role="menuitem"
                                          >
                                            <button
                                              className="select-search-option"
                                              onMouseDown={[Function]}
                                              tabIndex="-1"
                                              type="button"
                                              value="15600"
                                            >
                                              Ethereum wallet (PBKDF2, $ethereum$p*)
                                            </button>
                                          </li>
                                          <li
                                            className="select-search-row"
                                            data-index={50}
                                            role="menuitem"
                                          >
                                            <button
                                              className="select-search-option"
                                              onMouseDown={[Function]}
                                              tabIndex="-1"
                                              type="button"
                                              value="15700"
                                            >
                                              Ethereum wallet (SCRYPT, $ethereum$s*)
                                            </button>
                                          </li>
                                          <li
                                            className="select-search-row"
                                            data-index={51}
                                            role="menuitem"
                                          >
                                            <button
                                              className="select-search-option"
                                              onMouseDown={[Function]}
                                              tabIndex="-1"
                                              type="button"
                                              value="16600"
                                            >
                                              Electrum wallet (Electrum salt type 1-3 hash $electrum$1*)
                                            </button>
                                          </li>
                                        </ul>
                                      </div>
                                    </li>
                                    <li
                                      className="select-search-row"
                                      role="none"
                                    >
                                      <div
                                        className="select-search-group"
                                      >
                                        <div
                                          className="select-search-group-header"
                                        >
                                          Office, PDF, RAR, ZIP, etc
                                        </div>
                                        <ul
                                          className="select-search-options"
                                        >
                                          <li
                                            className="select-search-row"
                                            data-index={52}
                                            role="menuitem"
                                          >
                                            <button
                                              className="select-search-option"
                                              onMouseDown={[Function]}
                                              tabIndex="-1"
                                              type="button"
                                              value="9700"
                                            >
                                              MS Office ≤ 2003 (MD4+RC4: $oldoffice$0, $oldoffice$1)
                                            </button>
                                          </li>
                                          <li
                                            className="select-search-row"
                                            data-index={53}
                                            role="menuitem"
                                          >
                                            <button
                                              className="select-search-option"
                                              onMouseDown={[Function]}
                                              tabIndex="-1"
                                              type="button"
                                              value="9800"
                                            >
                                              MS Office ≤ 2003 (SHA1+RC4: $oldoffice$3, $oldoffice$4)
                                            </button>
                                          </li>
                                          <li
                                            className="select-search-row"
                                            data-index={54}
                                            role="menuitem"
                                          >
                                            <button
                                              className="select-search-option"
                                              onMouseDown={[Function]}
                                              tabIndex="-1"
                                              type="button"
                                              value="9400"
                                            >
                                              MS Office 2007 ($office$*2007*)
                                            </button>
                                          </li>
                                          <li
                                            className="select-search-row"
                                            data-index={55}
                                            role="menuitem"
                                          >
                                            <button
                                              className="select-search-option"
                                              onMouseDown={[Function]}
                                              tabIndex="-1"
                                              type="button"
                                              value="9500"
                                            >
                                              MS Office 2010 ($office$*2010*)
                                            </button>
                                          </li>
                                          <li
                                            className="select-search-row"
                                            data-index={56}
                                            role="menuitem"
                                          >
                                            <button
                                              className="select-search-option"
                                              onMouseDown={[Function]}
                                              tabIndex="-1"
                                              type="button"
                                              value="9600"
                                            >
                                              MS Office 2013 ($office$*2013*)
                                            </button>
                                          </li>
                                          <li
                                            className="select-search-row"
                                            data-index={57}
                                            role="menuitem"
                                          >
                                            <button
                                              className="select-search-option"
                                              onMouseDown={[Function]}
                                              tabIndex="-1"
                                              type="button"
                                              value="10400"
                                            >
                                              PDF 1.1-1.3 (Acrobat 2-4, $pdf$1*2*)
                                            </button>
                                          </li>
                                          <li
                                            className="select-search-row"
                                            data-index={58}
                                            role="menuitem"
                                          >
                                            <button
                                              className="select-search-option"
                                              onMouseDown={[Function]}
                                              tabIndex="-1"
                                              type="button"
                                              value="10500"
                                            >
                                              PDF 1.4-1.6 (Acrobat 5-8, $pdf$2*3*, $pdf$4*4*)
                                            </button>
                                          </li>
                                          <li
                                            className="select-search-row"
                                            data-index={59}
                                            role="menuitem"
                                          >
                                            <button
                                              className="select-search-option"
                                              onMouseDown={[Function]}
                                              tabIndex="-1"
                                              type="button"
                                              value="10600"
                                            >
                                              PDF 1.7 Level 3 (Acrobat 9, $pdf$5*5*)
                                            </button>
                                          </li>
                                          <li
                                            className="select-search-row"
                                            data-index={60}
                                            role="menuitem"
                                          >
                                            <button
                                              className="select-search-option"
                                              disabled={true}
                                              onMouseDown={[Function]}
                                              tabIndex="-1"
                                              type="button"
                                              value="10700"
                                            >
                                              PDF 1.7 Level 8 (Acrobat 10-11, $pdf$5*6*)
                                            </button>
                                          </li>
                                          <li
                                            className="select-search-row"
                                            data-index={61}
                                            role="menuitem"
                                          >
                                            <button
                                              className="select-search-option"
                                              disabled={true}
                                              onMouseDown={[Function]}
                                              tabIndex="-1"
                                              type="button"
                                              value="12500"
                                            >
                                              RAR3 ($RAR3$)
                                            </button>
                                          </li>
                                          <li
                                            className="select-search-row"
                                            data-index={62}
                                            role="menuitem"
                                          >
                                            <button
                                              className="select-search-option"
                                              disabled={true}
                                              onMouseDown={[Function]}
                                              tabIndex="-1"
                                              type="button"
                                              value="13000"
                                            >
                                              RAR5 ($rar5$)
                                            </button>
                                          </li>
                                          <li
                                            className="select-search-row"
                                            data-index={63}
                                            role="menuitem"
                                          >
                                            <button
                                              className="select-search-option"
                                              disabled={true}
                                              onMouseDown={[Function]}
                                              tabIndex="-1"
                                              type="button"
                                              value="11600"
                                            >
                                              7Zip ($7z$)
                                            </button>
                                          </li>
                                          <li
                                            className="select-search-row"
                                            data-index={64}
                                            role="menuitem"
                                          >
                                            <button
                                              className="select-search-option"
                                              disabled={true}
                                              onMouseDown={[Function]}
                                              tabIndex="-1"
                                              type="button"
                                              value="13600"
                                            >
                                              WinZip ($zip2$)
                                            </button>
                                          </li>
                                        </ul>
                                      </div>
                                    </li>
                                  </ul>
                                </div>
                              </div>
                            </section>
                          </form>
                        </div>
                      </div>
                    </div>
                  </div>
                  <div
                    className="pf-u-box-shadow-sm-top"
                  >
                    <footer
                      className="pf-c-wizard__footer"
                    >
                      <button
                        aria-disabled={false}
                        aria-label={null}
                        className="pf-c-button pf-m-primary"
                        data-ouia-component-id="OUIA-Generated-Button-primary-1"
                        data-ouia-component-type="PF4/Button"
                        data-ouia-safe={true}
                        disabled={false}
                        onClick={[Function]}
                        role={null}
                        type="button"
                      >
                        Next
                      </button>
                      <button
                        aria-disabled={true}
                        aria-label={null}
                        className="pf-c-button pf-m-secondary pf-m-disabled"
                        data-ouia-component-id="OUIA-Generated-Button-secondary-1"
                        data-ouia-component-type="PF4/Button"
                        data-ouia-safe={true}
                        disabled={true}
                        onClick={[Function]}
                        role={null}
                        tabIndex={null}
                        type="button"
                      >
                        Back
                      </button>
                      <div
                        className="pf-c-wizard__footer-cancel"
                      >
                        <button
                          aria-disabled={false}
                          aria-label={null}
                          className="pf-c-button pf-m-link"
                          data-ouia-component-id="OUIA-Generated-Button-link-1"
                          data-ouia-component-type="PF4/Button"
                          data-ouia-safe={true}
                          disabled={false}
                          onClick={[Function]}
                          role={null}
                          type="button"
                        >
                          Cancel
                        </button>
                      </div>
                    </footer>
                    <div
                      style={
                        {
                          "display": "none",
                        }
                      }
                    />
                  </div>
                </div>
              </div>
            </div>
          </div>
          <div
            className="pf-c-drawer__panel pf-m-resizable"
            hidden={true}
            id="pf-drawer-panel-0"
            onTransitionEnd={[Function]}
            style={
              {
                "backgroundColor": "rgb(21, 21, 21)",
              }
            }
          />
        </div>
      </div>
    </section>
  </main>
</div>
`;
